current directory: /home/chakravarthi/Desktop/TekSystem/WeatherForcastApp/vendor/bundle/ruby/3.2.0/gems/date-3.5.0/ext/date
/home/chakravarthi/.rvm/rubies/ruby-3.2.2/bin/ruby extconf.rb
checking for rb_category_warn()... yes
checking for timezone in time.h with  -Werror... yes
checking for altzone in time.h with  -Werror... no
creating Makefile

current directory: /home/chakravarthi/Desktop/TekSystem/WeatherForcastApp/vendor/bundle/ruby/3.2.0/gems/date-3.5.0/ext/date
make DESTDIR\= sitearchdir\=./.gem.20251125-38929-4r4ls3 sitelibdir\=./.gem.20251125-38929-4r4ls3 clean

current directory: /home/chakravarthi/Desktop/TekSystem/WeatherForcastApp/vendor/bundle/ruby/3.2.0/gems/date-3.5.0/ext/date
make DESTDIR\= sitearchdir\=./.gem.20251125-38929-4r4ls3 sitelibdir\=./.gem.20251125-38929-4r4ls3
compiling date_core.c
compiling date_parse.c
compiling date_strftime.c
compiling date_strptime.c
linking shared-object date_core.so

current directory: /home/chakravarthi/Desktop/TekSystem/WeatherForcastApp/vendor/bundle/ruby/3.2.0/gems/date-3.5.0/ext/date
make DESTDIR\= sitearchdir\=./.gem.20251125-38929-4r4ls3 sitelibdir\=./.gem.20251125-38929-4r4ls3 install
/usr/bin/install -m 0755 date_core.so ./.gem.20251125-38929-4r4ls3

current directory: /home/chakravarthi/Desktop/TekSystem/WeatherForcastApp/vendor/bundle/ruby/3.2.0/gems/date-3.5.0/ext/date
make DESTDIR\= sitearchdir\=./.gem.20251125-38929-4r4ls3 sitelibdir\=./.gem.20251125-38929-4r4ls3 clean
