current directory: /home/chakravarthi/Desktop/TekSystem/WeatherForcastApp/vendor/bundle/ruby/3.2.0/gems/psych-5.2.6/ext/psych
/home/chakravarthi/.rvm/rubies/ruby-3.2.2/bin/ruby extconf.rb
checking for yaml.h... yes
checking for yaml_get_version() in -lyaml... yes
creating Makefile

current directory: /home/chakravarthi/Desktop/TekSystem/WeatherForcastApp/vendor/bundle/ruby/3.2.0/gems/psych-5.2.6/ext/psych
make DESTDIR\= sitearchdir\=./.gem.20251125-38929-n1pf6s sitelibdir\=./.gem.20251125-38929-n1pf6s clean
cd libyaml && make clean
/bin/sh: 1: cd: can't cd to libyaml
make: [Makefile:283: clean-so] Error 2 (ignored)

current directory: /home/chakravarthi/Desktop/TekSystem/WeatherForcastApp/vendor/bundle/ruby/3.2.0/gems/psych-5.2.6/ext/psych
make DESTDIR\= sitearchdir\=./.gem.20251125-38929-n1pf6s sitelibdir\=./.gem.20251125-38929-n1pf6s
compiling psych.c
compiling psych_emitter.c
compiling psych_parser.c
compiling psych_to_ruby.c
compiling psych_yaml_tree.c
linking shared-object psych.so

current directory: /home/chakravarthi/Desktop/TekSystem/WeatherForcastApp/vendor/bundle/ruby/3.2.0/gems/psych-5.2.6/ext/psych
make DESTDIR\= sitearchdir\=./.gem.20251125-38929-n1pf6s sitelibdir\=./.gem.20251125-38929-n1pf6s install
/usr/bin/install -m 0755 psych.so ./.gem.20251125-38929-n1pf6s

current directory: /home/chakravarthi/Desktop/TekSystem/WeatherForcastApp/vendor/bundle/ruby/3.2.0/gems/psych-5.2.6/ext/psych
make DESTDIR\= sitearchdir\=./.gem.20251125-38929-n1pf6s sitelibdir\=./.gem.20251125-38929-n1pf6s clean
cd libyaml && make clean
/bin/sh: 1: cd: can't cd to libyaml
make: [Makefile:283: clean-so] Error 2 (ignored)
